bun test v1.4.2 (744846f84)

test/store/schema.test.ts:
322 |     }
323 |     // Four write-step reads and one concurrent read for every add.
324 |     expect(observed.length).toBe(100)
325 |     // Every config write went through a temp file renamed into place: each
326 |     // of the 20 adds saw exactly one config temp file before its rename.
327 |     expect(configTemps).toEqual(Array(20).fill(1))
                              ^
error: expect(received).toEqual(expected)

  [
-   1,
-   1,
-   1,
-   1,
-   1,
-   1,
-   1,
-   1,
-   1,
-   1,
-   1,
-   1,
-   1,
-   1,
-   1,
-   1,
-   1,
-   1,
-   1,
-   1,
+   0,
+   0,
+   0,
+   0,
+   0,
+   0,
+   0,
+   0,
+   0,
+   0,
+   0,
+   0,
+   0,
+   0,
+   0,
+   0,
+   0,
+   0,
+   0,
+   0,
  ]

- Expected  - 20
+ Received  + 20

      at <anonymous> (/Users/ufukaltinok/.local/share/cortexkit/alfonso/worktrees/28a223f982ef886b/550f3b60f368069850c56f2ceeff05c6ab6410b643fa8d15573afc4dd99505bd/bg_de84c4f2d3298895/test/store/schema.test.ts:327:25)
(fail) store shapes > the unlocked legacy config read never observes a partial file during library writes [97.01ms]

 0 pass
 12 filtered out
 1 fail
 2 expect() calls
Ran 1 test across 1 file. [124.00ms]
